// Vitest Snapshot v1, https://vitest.dev/guide/snapshot.html

exports[`count > 快照 UI 測試 1`] = `"Add"`;
